["/Users/kwy/Documents/backend/tabcolab/__test__/test.js"]
